// Jest Snapshot v1, https://goo.gl/fbAQLP

exports[`renders HelloMessage correctly 1`] = `
<div
  className="global-bar2 undefined undefined"
>
  Hello 
  world
</div>
`;
